// Jest Snapshot v1, https://goo.gl/fbAQLP

exports[`creating a new route 1`] = `
<svg
  height="0"
  pointer-events="none"
  style="left: 0px; top: 0px;"
  viewBox="0 0 0 0"
  width="0"
>
  <g>
    <path
      class="leaflet-interactive"
      d="M0 0"
      fill="none"
      stroke="#3388ff"
      stroke-linecap="round"
      stroke-linejoin="round"
      stroke-opacity="1"
      stroke-width="3"
    />
  </g>
</svg>
`;
