// Jest Snapshot v1, https://goo.gl/fbAQLP

exports[`GraphHopper 1`] = `
Array [
  Object {
    "lat": 52.47384,
    "lng": 13.36285,
  },
  Object {
    "lat": 52.47361,
    "lng": 13.36361,
  },
  Object {
    "lat": 52.47262,
    "lng": 13.36584,
  },
  Object {
    "lat": 52.47146,
    "lng": 13.36834,
  },
  Object {
    "lat": 52.47115,
    "lng": 13.3693,
  },
  Object {
    "lat": 52.47093,
    "lng": 13.37029,
  },
  Object {
    "lat": 52.4705,
    "lng": 13.37254,
  },
  Object {
    "lat": 52.47029,
    "lng": 13.37392,
  },
  Object {
    "lat": 52.47017,
    "lng": 13.37483,
  },
  Object {
    "lat": 52.47009,
    "lng": 13.37565,
  },
  Object {
    "lat": 52.46991,
    "lng": 13.37851,
  },
  Object {
    "lat": 52.46987,
    "lng": 13.37992,
  },
  Object {
    "lat": 52.46952,
    "lng": 13.38477,
  },
  Object {
    "lat": 52.46948,
    "lng": 13.38549,
  },
  Object {
    "lat": 52.46948,
    "lng": 13.38574,
  },
  Object {
    "lat": 52.47358,
    "lng": 13.38583,
  },
  Object {
    "lat": 52.47374,
    "lng": 13.38583,
  },
]
`;

exports[`Mapbox 1`] = `
Array [
  Object {
    "lat": 51.50945,
    "lng": -0.13262,
  },
  Object {
    "lat": 51.50807,
    "lng": -0.13138,
  },
  Object {
    "lat": 51.50775,
    "lng": -0.13094,
  },
  Object {
    "lat": 51.50828,
    "lng": -0.12916,
  },
  Object {
    "lat": 51.50761,
    "lng": -0.12874,
  },
  Object {
    "lat": 51.50754,
    "lng": -0.12783,
  },
  Object {
    "lat": 51.50745,
    "lng": -0.12729,
  },
  Object {
    "lat": 51.50652,
    "lng": -0.12239,
  },
  Object {
    "lat": 51.50841,
    "lng": -0.12081,
  },
  Object {
    "lat": 51.50944,
    "lng": -0.11929,
  },
  Object {
    "lat": 51.51026,
    "lng": -0.11693,
  },
  Object {
    "lat": 51.51084,
    "lng": -0.11409,
  },
  Object {
    "lat": 51.51104,
    "lng": -0.11206,
  },
  Object {
    "lat": 51.51099,
    "lng": -0.10281,
  },
  Object {
    "lat": 51.51124,
    "lng": -0.0989,
  },
  Object {
    "lat": 51.51115,
    "lng": -0.09534,
  },
  Object {
    "lat": 51.51085,
    "lng": -0.09302,
  },
  Object {
    "lat": 51.50735,
    "lng": -0.09496,
  },
  Object {
    "lat": 51.50491,
    "lng": -0.09564,
  },
  Object {
    "lat": 51.50476,
    "lng": -0.09396,
  },
  Object {
    "lat": 51.50391,
    "lng": -0.09456,
  },
  Object {
    "lat": 51.50324,
    "lng": -0.09171,
  },
  Object {
    "lat": 51.50377,
    "lng": -0.09127,
  },
  Object {
    "lat": 51.50367,
    "lng": -0.09093,
  },
]
`;
